Microsoft Windows [Version 10.0.19043.1766]
(c) Microsoft Corporation. All rights reserved.

C:\Users\Amaresh\Desktop\project>git init
Initialized empty Git repository in C:/Users/Amaresh/Desktop/project/.git/

C:\Users\Amaresh\Desktop\project>git add *

C:\Users\Amaresh\Desktop\project>git status
On branch master

No commits yet

Changes to be committed:
  (use "git rm --cached <file>..." to unstage)
        new file:   Writing.txt


C:\Users\Amaresh\Desktop\project>git commit -m "it is my first commit in my git"
[master (root-commit) f307127] it is my first commit in my git
 1 file changed, 0 insertions(+), 0 deletions(-)
 create mode 100644 Writing.txt

C:\Users\Amaresh\Desktop\project>git remote add origin https://github.com/dhaamodhara/Learning_steps.git

C:\Users\Amaresh\Desktop\project>git push origin master
Enumerating objects: 3, done.
Counting objects: 100% (3/3), done.
Writing objects: 100% (3/3), 223 bytes | 223.00 KiB/s, done.
Total 3 (delta 0), reused 0 (delta 0), pack-reused 0
To https://github.com/dhaamodhara/Learning_steps.git
 * [new branch]      master -> master

C:\Users\Amaresh\Desktop\project>https://github.com/dhaamodhara/Learning_steps.git